1|0.02|1|N
1|0.06|2|N
1|0.02|3|N
1|0.06|4|N
1|0.04|5|N
1|0.02|6|N
4|0.08|1|N
5|0.04|1|R
5|0.08|2|R
5|0.03|3|A
2|0.05|1|N
3|0|1|R
3|0|2|R
3|0.07|3|A
3|0.06|4|A
3|0|5|R
3|0.02|6|A
6|0.03|1|A
7|0.03|1|N
7|0.08|2|N
