1996-03-13|1996-02-12
1996-04-12|1996-02-28
1996-01-29|1996-03-05
1996-04-21|1996-03-30
1996-03-30|1996-03-14
1996-01-30|1996-02-07
1996-01-10|1995-12-14
1994-10-31|1994-08-31
1994-10-16|1994-09-25
1994-08-08|1994-10-13
1997-01-28|1997-01-14
1994-02-02|1994-01-04
1993-11-09|1993-12-20
1994-01-16|1993-11-22
1993-12-04|1994-01-07
1993-12-14|1994-01-10
1993-10-29|1993-12-18
1992-04-27|1992-05-15
1996-05-07|1996-03-13
1996-02-01|1996-03-02

