'{\'table-name\': \'thisTable\', \'projection\': \'everything\', \'selection\': "ne, everything, \'nothing\'"}'